B 125 GOOG 2705 30 T1
E 125 126 126 2705 30 T2
X 125 R T3
